  Determinando os projetos a serem restaurados...
  Todos os projetos est├úo atualizados para restaura├º├úo.
  Pi.Api -> E:\teste\pi-web\backend\Pi.Api\bin\Debug\net8.0\Pi.Api.dll

Compila├º├úo com ├¬xito.
    0 Aviso(s)
    0 Erro(s)

Tempo Decorrido 00:00:01.54
