﻿  Determinando os projetos a serem restaurados...
  Todos os projetos est├úo atualizados para restaura├º├úo.
E:\teste\pi-web\backend\Pi.Api\Services\ExcelImportService.cs(1067,63): error CS0103: O nome "descricaoRaw" n├úo existe no contexto atual [E:\teste\pi-web\backend\Pi.Api\Pi.Api.csproj]
E:\teste\pi-web\backend\Pi.Api\Services\ExcelImportService.cs(1068,42): error CS0103: O nome "descricaoRaw" n├úo existe no contexto atual [E:\teste\pi-web\backend\Pi.Api\Pi.Api.csproj]
E:\teste\pi-web\backend\Pi.Api\Services\ExcelImportService.cs(1069,42): error CS0103: O nome "descricaoRaw" n├úo existe no contexto atual [E:\teste\pi-web\backend\Pi.Api\Pi.Api.csproj]
E:\teste\pi-web\backend\Pi.Api\Services\ExcelImportService.cs(1071,59): error CS0103: O nome "descricaoRaw" n├úo existe no contexto atual [E:\teste\pi-web\backend\Pi.Api\Pi.Api.csproj]
E:\teste\pi-web\backend\Pi.Api\Services\ExcelImportService.cs(1073,67): error CS0103: O nome "descricaoRaw" n├úo existe no contexto atual [E:\teste\pi-web\backend\Pi.Api\Pi.Api.csproj]

FALHA da compila├º├úo.

E:\teste\pi-web\backend\Pi.Api\Services\ExcelImportService.cs(1067,63): error CS0103: O nome "descricaoRaw" n├úo existe no contexto atual [E:\teste\pi-web\backend\Pi.Api\Pi.Api.csproj]
E:\teste\pi-web\backend\Pi.Api\Services\ExcelImportService.cs(1068,42): error CS0103: O nome "descricaoRaw" n├úo existe no contexto atual [E:\teste\pi-web\backend\Pi.Api\Pi.Api.csproj]
E:\teste\pi-web\backend\Pi.Api\Services\ExcelImportService.cs(1069,42): error CS0103: O nome "descricaoRaw" n├úo existe no contexto atual [E:\teste\pi-web\backend\Pi.Api\Pi.Api.csproj]
E:\teste\pi-web\backend\Pi.Api\Services\ExcelImportService.cs(1071,59): error CS0103: O nome "descricaoRaw" n├úo existe no contexto atual [E:\teste\pi-web\backend\Pi.Api\Pi.Api.csproj]
E:\teste\pi-web\backend\Pi.Api\Services\ExcelImportService.cs(1073,67): error CS0103: O nome "descricaoRaw" n├úo existe no contexto atual [E:\teste\pi-web\backend\Pi.Api\Pi.Api.csproj]
    0 Aviso(s)
    5 Erro(s)

Tempo Decorrido 00:00:03.21
